
> rovult@0.1.0 build
> next build

node.exe : ΓÜá Warning: Next.js 
inferred your workspace root, but 
it may not be correct.
At line:1 char:1
+ & "C:\Program 
Files\nodejs/node.exe" 
"C:\Program Files\nodejs/node_mo 
...
+ ~~~~~~~~~~~~~~~~~~~~~~~~~~~~~~~~
~~~~~~~~~~~~~~~~~~~~~~~~~~~~~~~~~~
~~~
    + CategoryInfo          : No  
  tSpecified: (ΓÜá Warning: Ne    
...not be correct.:String) [    
], RemoteException
    + FullyQualifiedErrorId : Na  
  tiveCommandError
 
 We detected multiple lockfiles 
and selected the directory of 
C:\Users\Graham\package-lock.json 
as the root directory.
 To silence this warning, set 
`turbopack.root` in your Next.js 
config, or consider removing one 
of the lockfiles if it's not 
needed.
   See https://nextjs.org/docs/app
/api-reference/config/next-config-
js/turbopack#root-directory for 
more information.
 Detected additional lockfiles: 
   * C:\Users\Graham\.gemini\antig
ravity\scratch\probio\package-lock
.json

Γû▓ Next.js 16.1.6 (Turbopack)
- Environments: .env.local

ΓÜá The "middleware" file 
convention is deprecated. Please 
use "proxy" instead. Learn more: h
ttps://nextjs.org/docs/messages/mi
ddleware-to-proxy
  Creating an optimized production build ...
Γ£ô Compiled successfully in 2.4s
  Running TypeScript ...
Failed to compile.

./src/components/CheckoutForm.tsx:
60:27
Type error: The left-hand side of 
an arithmetic operation must be 
of type 'any', 'number', 'bigint' 
or an enum type.

[0m [90m 58 |[39m              
       [33m<[39m[33mspan[39m[
33m>[39m{checkout[33m.[39mlineI
tems[[35m0[39m][33m?[39m[33m.
[39mname [33m||[39m 
[32m"ProBio Premium"[39m}[33m<
[39m[33m/[39m[33mspan[39m[33m
>[39m
 [90m 59 |[39m                  
   [33m<[39m[33mspan[39m class
Name[33m=[39m[32m"font-semibold
"[39m[33m>[39m
[31m[1m>[22m[39m[90m 60 
|[39m                         {(c
heckout[33m.[39mtotal[33m.[39m
total[33m.[39mamount 
[33m/[39m [35m100[39m)[33m.[
39mtoLocaleString([32m"en-US"[39
m[33m,[39m {
 [90m    |[39m                  
         [31m[1m^[22m[39m
 [90m 61 |[39m                  
           style[33m:[39m 
[32m"currency"[39m[33m,[39m
 [90m 62 |[39m                  
           currency[33m:[39m che
ckout[33m.[39mtotal[33m.[39mto
tal[33m.[39mcurrency[33m.[39mt
oLowerCase()[33m,[39m
 [90m 63 |[39m                  
       })}[0m
Next.js build worker exited with 
code: 1 and signal: null
